// Jest Snapshot v1, https://goo.gl/fbAQLP

exports[`Pagination.vue renders component 1`] = `
<v-footer
  class="my-pagination"
  dark=""
  fixed=""
  height="56px"
>
  <v-layout
    align-center=""
    justify-end=""
    row=""
    wrap=""
  >
    <div
      class="d-flex align-center"
    >
      <div
        class="hidden-xs-only"
      >
        Rows per page:
      </div>
       
      <v-card
        class="mx-3"
        color="transparent"
        flat=""
        max-width="50px"
        tile=""
      >
        <v-select
          class="pt-0"
          hide-details=""
          items="20,30,50"
          single-line=""
        />
      </v-card>
       
      <v-btn
        icon=""
      >
        <v-icon>
          chevron_left
        </v-icon>
      </v-btn>
       
      <v-btn
        icon=""
      >
        <v-icon>
          chevron_right
        </v-icon>
      </v-btn>
    </div>
  </v-layout>
</v-footer>
`;
